logisticaigu\ConfirmarMantenimiento$2.class
logisticaigu\RegistrarMantenimiento$1.class
logisticaigu\BuscarClienteReceptor.class
Controladoras\ControladoraUsuario.class
logisticapersistencia\UsuarioJpaController.class
logisticaigu\RegistrarMantenimiento$4.class
logisticalogica\Usuario_.class
logisticaigu\BuscarClienteReceptor$1.class
logisticaigu\GestionarEntrega$3.class
logisticaigu\GestionarEntrega.class
logisticaigu\BuscarClienteReceptor$4.class
logisticaigu\BuscarClientes$5.class
logisticaigu\Menu$3.class
logisticaigu\BuscarClientes$2.class
logisticaigu\GestionarEntrega$4.class
logisticaigu\BuscarClientes.class
logisticaigu\RegistrarEnvio$1.class
logisticaigu\ConfirmarEntrega$2.class
logisticaigu\Menu$2.class
logisticaigu\TipoMantenimiento$1.class
logisticaigu\ConsultarEstadoPaquete$2.class
logisticaigu\EstadoActualPaquete.class
logisticaigu\BuscarClienteReceptor$3.class
logisticaigu\ConfirmarEntrega$1.class
logisticaigu\ConsultarEstadoPaquete$3.class
logisticaigu\RegistrarEnvio.class
logisticaigu\RegistrarEnvio$2.class
logisticaigu\BuscarClientes$3.class
logisticalogica\Usuario.class
logisticaigu\Menu$1.class
logisticaigu\BuscarClienteReceptor$2.class
logisticaigu\ConsultarEstadoPaquete$1.class
logisticaigu\Menu$4.class
logisticaigu\GestionarEntrega$2.class
logisticaigu\ConsultarEstadoPaquete$4.class
logisticaigu\Menu.class
logisticaigu\BuscarClientes$4.class
logisticaigu\RegistrarEnvio$3.class
logisticaigu\ConfirmarMantenimiento$1.class
logisticaigu\ConfirmarEntrega.class
logisticaigu\BuscarClientes$1.class
logisticaigu\RegistrarMantenimiento.class
logisticaigu\RegistrarEnvio$4.class
logisticaigu\RegistrarMantenimiento$3.class
logisticaigu\RegistrarCliente.class
logisticaigu\RegistrarMantenimiento$2.class
logisticaigu\ConsultarEstadoPaquete.class
logisticaigu\TipoMantenimiento.class
logisticaigu\BuscarClientes$6.class
logisticaigu\ConfirmarMantenimiento.class
logisticaigu\GestionarEntrega$1.class
